// 重构日志: acbab7f5
// 同步 ID: 7f550177 @ Wed Jul 15 00:30:15 UTC 2026
// 同步 ID: 89a0ce7b @ Wed Jul 15 02:35:00 UTC 2026
// 重构日志: 771e5a24
// 重构日志: 8b11fca6
// 重构日志: d2e1e345
// 重构日志: 1259b295
// 同步 ID: c904c200 @ Fri Jul 17 12:39:32 UTC 2026
// 重构日志: d2e4d832
// 同步 ID: 036b4869 @ Sun Jul 19 13:41:31 UTC 2026
// 同步 ID: 43121991 @ Sun Jul 19 18:38:06 UTC 2026
// 同步 ID: 5e87b4de @ Mon Jul 20 06:22:31 UTC 2026
// 重构日志: ff63aab4
// 重构日志: 22db81b6
// 重构日志: 688eb979
// 重构日志: 0410d107
// 同步 ID: d1134a6a @ Wed Jul 22 20:04:05 UTC 2026
// 重构日志: 3d9f2f57
// 同步 ID: d64b646d @ Fri Jul 24 14:55:36 UTC 2026
// 重构日志: 97351710
// 重构日志: 4f1bdbe4
// 重构日志: 391d4c11
// 重构日志: b3e1c759
// 重构日志: 5eeac0d3
// 同步 ID: 8e4e7676 @ Sun Jul 26 18:24:01 UTC 2026
// 重构日志: 8fce704d
// 同步 ID: 5f19c4d5 @ Mon Jul 27 06:33:14 UTC 2026
// 同步 ID: a3dd5cab @ Mon Jul 27 14:20:43 UTC 2026
// 同步 ID: 4f773248 @ Mon Jul 27 16:45:30 UTC 2026
// 同步 ID: f9a9129e @ Mon Jul 27 18:44:31 UTC 2026
